// Jest Snapshot v1, https://goo.gl/fbAQLP

exports[`<Main /> should render the heading 1`] = `
<main
  class="styles__Wrapper-sc-dzx1ao-0 jTzoJi"
>
  <img
    alt="Logo do Grupo Powertrend"
    class="styles__Logo-sc-dzx1ao-1 gyKAVQ"
    src="/img/logo-powertrend-powermarketing.png"
  />
  <h1
    class="styles__Title-sc-dzx1ao-2 hBQRUr"
  >
    Grupo Powertrend
  </h1>
  <h2
    class="styles__Description-sc-dzx1ao-3 cWfoFI"
  >
    Boilerplate Powertrend TypeScript, ReactJS, NextJS e Styled Component
  </h2>
  <img
    alt="Um desenvolvedor de frente para a tela do PC"
    class="styles__Illustration-sc-dzx1ao-4 dbHwHR"
    src="/img/hero-ilustration.svg"
  />
</main>
`
